<?xml version="1.0" encoding="utf-8"?><testsuites name="pytest tests"><testsuite name="pytest" errors="0" failures="0" skipped="0" tests="1" time="0.860" timestamp="2026-10-06T15:15:09.765787+01:00" hostname="miguel-eos"><testcase classname="tests.test_main" name="test_request" time="0.483" /></testsuite></testsuites>